// Jest Snapshot v1, https://goo.gl/fbAQLP

exports[`Button renders a button with default properties 1`] = `
<button
  class="flex items-center justify-center relative overflow-hidden text-center whitespace-nowrap transition duration-100 ease-out disabled:opacity-30 disabled:pointer-events-none py-2 px-4 text-sm font-semibold h-10 bg-primary-500 hover:bg-primary-600 text-white rounded"
  type="button"
>
  Click me
</button>
`;
